Lines of all data: 5
###
Lines of all data: 5
###
Lines of all data: 5
###
Lines of all data: 5
###
Lines of valid data: 2
###
Lines of valid data: 2
###
Lines of invalid data: 3
###
Lines of invalid data: 3
###
